192.168.1.32 - - [20/Aug/2025:11:45:00 +0200] "GET /cart.php?action=view HTTP/1.1" 200 415 "-" "Mozilla/5.0 (Windows NT 10.0; Win64; x64)"
192.168.1.38 - - [20/Aug/2025:11:45:05 +0200] "GET /login.php HTTP/1.1" 404 539 "-" "Mozilla/5.0 (Windows NT 10.0; Win64; x64)"
192.168.1.24 - - [20/Aug/2025:11:45:10 +0200] "GET /index.php HTTP/1.1" 301 324 "-" "curl/7.68.0"
192.168.1.11 - - [20/Aug/2025:11:45:15 +0200] "GET /cart.php?action=view HTTP/1.1" 404 980 "-" "curl/7.68.0"
192.168.1.57 - - [20/Aug/2025:11:45:20 +0200] "GET /index.php HTTP/1.1" 301 564 "-" "Mozilla/5.0"
192.168.1.48 - - [20/Aug/2025:11:45:25 +0200] "GET /cart.php?action=view HTTP/1.1" 301 543 "-" "curl/7.68.0"
192.168.1.20 - - [20/Aug/2025:11:45:30 +0200] "GET /search.php?q=test' OR '1'='1 HTTP/1.1" 403 178 "-" "curl/7.68.0"
192.168.1.41 - - [20/Aug/2025:11:45:35 +0200] "GET /contact.php HTTP/1.1" 200 540 "-" "Mozilla/5.0 (Windows NT 10.0; Win64; x64)"
192.168.1.35 - - [20/Aug/2025:11:45:40 +0200] "GET /products.php?id=2 HTTP/1.1" 200 450 "-" "python-requests/2.25.1"
192.168.1.17 - - [20/Aug/2025:11:45:45 +0200] "GET /news.php?id=-1' UNION SELECT username,password FROM users-- HTTP/1.1" 500 121 "-" "Mozilla/5.0 (Windows NT 10.0; Win64; x64)"
192.168.1.35 - - [20/Aug/2025:11:45:50 +0200] "GET /cart.php?action=view HTTP/1.1" 200 594 "-" "Mozilla/5.0 (Windows NT 10.0; Win64; x64)"
192.168.1.18 - - [20/Aug/2025:11:45:55 +0200] "GET /search.php?q=test' OR '1'='1 HTTP/1.1" 403 391 "-" "Mozilla/5.0 (X11; Linux x86_64)"
192.168.1.23 - - [20/Aug/2025:11:46:00 +0200] "GET /products.php?id=2 HTTP/1.1" 301 746 "-" "Mozilla/5.0 (X11; Linux x86_64)"
192.168.1.12 - - [20/Aug/2025:11:46:05 +0200] "GET /contact.php HTTP/1.1" 404 941 "-" "Mozilla/5.0"
192.168.1.34 - - [20/Aug/2025:11:46:10 +0200] "GET /login.php HTTP/1.1" 301 599 "-" "Mozilla/5.0 (Windows NT 10.0; Win64; x64)"
192.168.1.16 - - [20/Aug/2025:11:46:15 +0200] "GET /login.php HTTP/1.1" 301 1091 "-" "Mozilla/5.0"
192.168.1.21 - - [20/Aug/2025:11:46:20 +0200] "GET /profile.php HTTP/1.1" 301 401 "-" "python-requests/2.25.1"
192.168.1.16 - - [20/Aug/2025:11:46:25 +0200] "GET /products.php?id=2 HTTP/1.1" 301 464 "-" "Mozilla/5.0 (X11; Linux x86_64)"
192.168.1.45 - - [20/Aug/2025:11:46:30 +0200] "GET /cart.php?action=view HTTP/1.1" 200 601 "-" "python-requests/2.25.1"
192.168.1.45 - - [20/Aug/2025:11:46:35 +0200] "GET /products.php?id=2 HTTP/1.1" 200 474 "-" "python-requests/2.25.1"
192.168.1.22 - - [20/Aug/2025:11:46:40 +0200] "GET /news.php?id=-1' UNION SELECT username,password FROM users-- HTTP/1.1" 403 105 "-" "Mozilla/5.0"
192.168.1.17 - - [20/Aug/2025:11:46:45 +0200] "GET /home.php HTTP/1.1" 200 370 "-" "Mozilla/5.0 (Windows NT 10.0; Win64; x64)"
192.168.1.22 - - [20/Aug/2025:11:46:50 +0200] "GET /index.php HTTP/1.1" 200 691 "-" "curl/7.68.0"
192.168.1.59 - - [20/Aug/2025:11:46:55 +0200] "GET /profile.php HTTP/1.1" 404 414 "-" "curl/7.68.0"
192.168.1.19 - - [20/Aug/2025:11:47:00 +0200] "GET /login.php HTTP/1.1" 301 827 "-" "curl/7.68.0"
192.168.1.38 - - [20/Aug/2025:11:47:05 +0200] "GET /profile.php HTTP/1.1" 200 449 "-" "Mozilla/5.0 (Windows NT 10.0; Win64; x64)"
192.168.1.37 - - [20/Aug/2025:11:47:10 +0200] "GET /index.php HTTP/1.1" 200 1198 "-" "Mozilla/5.0"
192.168.1.32 - - [20/Aug/2025:11:47:15 +0200] "GET /login.php HTTP/1.1" 200 941 "-" "curl/7.68.0"
192.168.1.43 - - [20/Aug/2025:11:47:20 +0200] "GET /about.html HTTP/1.1" 200 611 "-" "Mozilla/5.0 (Windows NT 10.0; Win64; x64)"
192.168.1.15 - - [20/Aug/2025:11:47:25 +0200] "GET /search.php?q=test' OR '1'='1 HTTP/1.1" 500 164 "-" "Mozilla/5.0 (X11; Linux x86_64)"
192.168.1.53 - - [20/Aug/2025:11:47:30 +0200] "GET /cart.php?action=view HTTP/1.1" 200 948 "-" "python-requests/2.25.1"
192.168.1.20 - - [20/Aug/2025:11:47:35 +0200] "GET /profile.php HTTP/1.1" 200 472 "-" "Mozilla/5.0 (X11; Linux x86_64)"
192.168.1.43 - - [20/Aug/2025:11:47:40 +0200] "GET /cart.php?action=view HTTP/1.1" 200 751 "-" "curl/7.68.0"
192.168.1.22 - - [20/Aug/2025:11:47:45 +0200] "GET /contact.php HTTP/1.1" 301 852 "-" "curl/7.68.0"
192.168.1.21 - - [20/Aug/2025:11:47:50 +0200] "GET /contact.php HTTP/1.1" 301 861 "-" "python-requests/2.25.1"
192.168.1.11 - - [20/Aug/2025:11:47:55 +0200] "GET /profile.php HTTP/1.1" 301 900 "-" "Mozilla/5.0 (Windows NT 10.0; Win64; x64)"
192.168.1.52 - - [20/Aug/2025:11:48:00 +0200] "GET /login.php HTTP/1.1" 200 509 "-" "python-requests/2.25.1"
192.168.1.13 - - [20/Aug/2025:11:48:05 +0200] "GET /news.php?id=-1' UNION SELECT username,password FROM users-- HTTP/1.1" 403 165 "-" "Mozilla/5.0"
192.168.1.15 - - [20/Aug/2025:11:48:10 +0200] "GET /index.php HTTP/1.1" 301 1083 "-" "Mozilla/5.0 (X11; Linux x86_64)"
192.168.1.28 - - [20/Aug/2025:11:48:15 +0200] "GET /login.php?user=admin'-- HTTP/1.1" 403 119 "-" "python-requests/2.25.1"
192.168.1.35 - - [20/Aug/2025:11:48:20 +0200] "GET /cart.php?action=view HTTP/1.1" 404 1092 "-" "curl/7.68.0"
192.168.1.44 - - [20/Aug/2025:11:48:25 +0200] "GET /cart.php?action=view HTTP/1.1" 404 903 "-" "Mozilla/5.0 (X11; Linux x86_64)"
192.168.1.30 - - [20/Aug/2025:11:48:30 +0200] "GET /contact.php HTTP/1.1" 404 493 "-" "Mozilla/5.0 (Windows NT 10.0; Win64; x64)"
192.168.1.58 - - [20/Aug/2025:11:48:35 +0200] "GET /comments.php?msg=<iframe src=javascript:alert('XSS')> HTTP/1.1" 200 406 "-" "Mozilla/5.0 (Windows NT 10.0; Win64; x64)"
192.168.1.34 - - [20/Aug/2025:11:48:40 +0200] "GET /product.php?id=10 OR 1=1-- HTTP/1.1" 500 264 "-" "curl/7.68.0"
192.168.1.50 - - [20/Aug/2025:11:48:45 +0200] "GET /index.php HTTP/1.1" 301 520 "-" "python-requests/2.25.1"
192.168.1.10 - - [20/Aug/2025:11:48:50 +0200] "GET /contact.php HTTP/1.1" 200 401 "-" "python-requests/2.25.1"
192.168.1.49 - - [20/Aug/2025:11:48:55 +0200] "GET /about.html HTTP/1.1" 200 318 "-" "Mozilla/5.0 (X11; Linux x86_64)"
192.168.1.12 - - [20/Aug/2025:11:49:00 +0200] "GET /login.php HTTP/1.1" 200 510 "-" "python-requests/2.25.1"
192.168.1.31 - - [20/Aug/2025:11:49:05 +0200] "GET /comments.php?msg=<iframe src=javascript:alert('XSS')> HTTP/1.1" 200 691 "-" "curl/7.68.0"
192.168.1.21 - - [20/Aug/2025:11:49:10 +0200] "GET /login.php HTTP/1.1" 200 1063 "-" "Mozilla/5.0"
192.168.1.28 - - [20/Aug/2025:11:49:15 +0200] "GET /login.php?user=admin'-- HTTP/1.1" 403 279 "-" "Mozilla/5.0 (X11; Linux x86_64)"
192.168.1.25 - - [20/Aug/2025:11:49:20 +0200] "GET /about.html HTTP/1.1" 404 865 "-" "Mozilla/5.0 (X11; Linux x86_64)"
192.168.1.30 - - [20/Aug/2025:11:49:25 +0200] "GET /cart.php?action=view HTTP/1.1" 200 362 "-" "python-requests/2.25.1"
192.168.1.14 - - [20/Aug/2025:11:49:30 +0200] "GET /login.php?user=admin'-- HTTP/1.1" 403 287 "-" "python-requests/2.25.1"
192.168.1.21 - - [20/Aug/2025:11:49:35 +0200] "GET /cart.php?action=view HTTP/1.1" 200 616 "-" "python-requests/2.25.1"
192.168.1.35 - - [20/Aug/2025:11:49:40 +0200] "GET /products.php?id=2 HTTP/1.1" 200 851 "-" "Mozilla/5.0 (Windows NT 10.0; Win64; x64)"
192.168.1.25 - - [20/Aug/2025:11:49:45 +0200] "GET /comments.php?msg=<iframe src=javascript:alert('XSS')> HTTP/1.1" 200 438 "-" "Mozilla/5.0 (X11; Linux x86_64)"
192.168.1.38 - - [20/Aug/2025:11:49:50 +0200] "GET /about.html HTTP/1.1" 200 1003 "-" "Mozilla/5.0"
192.168.1.57 - - [20/Aug/2025:11:49:55 +0200] "GET /comments.php?msg=<iframe src=javascript:alert('XSS')> HTTP/1.1" 200 461 "-" "Mozilla/5.0"
192.168.1.56 - - [20/Aug/2025:11:50:00 +0200] "GET /login.php HTTP/1.1" 404 802 "-" "python-requests/2.25.1"
192.168.1.11 - - [20/Aug/2025:11:50:05 +0200] "GET /search.php?q=test' OR '1'='1 HTTP/1.1" 500 317 "-" "curl/7.68.0"
192.168.1.55 - - [20/Aug/2025:11:50:10 +0200] "GET /cart.php?action=view HTTP/1.1" 200 583 "-" "Mozilla/5.0 (Windows NT 10.0; Win64; x64)"
192.168.1.44 - - [20/Aug/2025:11:50:15 +0200] "GET /contact.php HTTP/1.1" 200 424 "-" "Mozilla/5.0 (Windows NT 10.0; Win64; x64)"
192.168.1.54 - - [20/Aug/2025:11:50:20 +0200] "GET /login.php HTTP/1.1" 200 364 "-" "curl/7.68.0"
192.168.1.49 - - [20/Aug/2025:11:50:25 +0200] "GET /search.php?q=test' OR '1'='1 HTTP/1.1" 500 137 "-" "python-requests/2.25.1"
192.168.1.21 - - [20/Aug/2025:11:50:30 +0200] "GET /comments.php?msg=<iframe src=javascript:alert('XSS')> HTTP/1.1" 200 672 "-" "Mozilla/5.0"
192.168.1.54 - - [20/Aug/2025:11:50:35 +0200] "GET /contact.php HTTP/1.1" 200 525 "-" "Mozilla/5.0 (Windows NT 10.0; Win64; x64)"
192.168.1.57 - - [20/Aug/2025:11:50:40 +0200] "GET /cart.php?action=view HTTP/1.1" 404 1039 "-" "Mozilla/5.0 (X11; Linux x86_64)"
192.168.1.47 - - [20/Aug/2025:11:50:45 +0200] "GET /index.php HTTP/1.1" 301 724 "-" "python-requests/2.25.1"
192.168.1.43 - - [20/Aug/2025:11:50:50 +0200] "GET /news.php?id=-1' UNION SELECT username,password FROM users-- HTTP/1.1" 403 203 "-" "curl/7.68.0"
192.168.1.11 - - [20/Aug/2025:11:50:55 +0200] "GET /index.php HTTP/1.1" 200 405 "-" "python-requests/2.25.1"
192.168.1.58 - - [20/Aug/2025:11:51:00 +0200] "GET /item.php?id=5; DROP TABLE users;-- HTTP/1.1" 500 367 "-" "Mozilla/5.0 (X11; Linux x86_64)"
192.168.1.21 - - [20/Aug/2025:11:51:05 +0200] "GET /search.php?q=<script>alert('XSS')</script> HTTP/1.1" 200 462 "-" "curl/7.68.0"
192.168.1.10 - - [20/Aug/2025:11:51:10 +0200] "GET /search.php?q=%3Cimg%20src%3Dx%20onerror%3Dalert(1)%3E HTTP/1.1" 200 634 "-" "curl/7.68.0"
192.168.1.13 - - [20/Aug/2025:11:51:15 +0200] "GET /home.php HTTP/1.1" 301 1089 "-" "Mozilla/5.0 (X11; Linux x86_64)"
192.168.1.59 - - [20/Aug/2025:11:51:20 +0200] "GET /item.php?id=5; DROP TABLE users;-- HTTP/1.1" 403 351 "-" "python-requests/2.25.1"
192.168.1.50 - - [20/Aug/2025:11:51:25 +0200] "GET /home.php HTTP/1.1" 200 970 "-" "curl/7.68.0"
192.168.1.21 - - [20/Aug/2025:11:51:30 +0200] "GET /about.html HTTP/1.1" 200 1069 "-" "Mozilla/5.0 (Windows NT 10.0; Win64; x64)"
192.168.1.15 - - [20/Aug/2025:11:51:35 +0200] "GET /contact.php HTTP/1.1" 404 779 "-" "Mozilla/5.0 (X11; Linux x86_64)"
192.168.1.12 - - [20/Aug/2025:11:51:40 +0200] "GET /home.php HTTP/1.1" 200 1138 "-" "Mozilla/5.0 (Windows NT 10.0; Win64; x64)"
192.168.1.53 - - [20/Aug/2025:11:51:45 +0200] "GET /login.php HTTP/1.1" 200 737 "-" "curl/7.68.0"
192.168.1.15 - - [20/Aug/2025:11:51:50 +0200] "GET /home.php HTTP/1.1" 404 542 "-" "python-requests/2.25.1"
192.168.1.49 - - [20/Aug/2025:11:51:55 +0200] "GET /profile.php HTTP/1.1" 301 1114 "-" "Mozilla/5.0"
192.168.1.50 - - [20/Aug/2025:11:52:00 +0200] "GET /cart.php?action=view HTTP/1.1" 301 692 "-" "Mozilla/5.0 (X11; Linux x86_64)"
192.168.1.23 - - [20/Aug/2025:11:52:05 +0200] "GET /search.php?q=%3Cimg%20src%3Dx%20onerror%3Dalert(1)%3E HTTP/1.1" 200 689 "-" "Mozilla/5.0 (X11; Linux x86_64)"
192.168.1.21 - - [20/Aug/2025:11:52:10 +0200] "GET /contact.php HTTP/1.1" 301 1067 "-" "Mozilla/5.0"
192.168.1.55 - - [20/Aug/2025:11:52:15 +0200] "GET /product.php?id=10 OR 1=1-- HTTP/1.1" 500 121 "-" "python-requests/2.25.1"
192.168.1.23 - - [20/Aug/2025:11:52:20 +0200] "GET /index.php HTTP/1.1" 200 560 "-" "Mozilla/5.0 (Windows NT 10.0; Win64; x64)"
192.168.1.47 - - [20/Aug/2025:11:52:25 +0200] "GET /search.php?q=test' OR '1'='1 HTTP/1.1" 500 379 "-" "Mozilla/5.0"
192.168.1.12 - - [20/Aug/2025:11:52:30 +0200] "GET /index.php HTTP/1.1" 404 1166 "-" "Mozilla/5.0"
192.168.1.49 - - [20/Aug/2025:11:52:35 +0200] "GET /contact.php HTTP/1.1" 200 913 "-" "Mozilla/5.0 (Windows NT 10.0; Win64; x64)"
192.168.1.46 - - [20/Aug/2025:11:52:40 +0200] "GET /search.php?q=test' OR '1'='1 HTTP/1.1" 403 109 "-" "Mozilla/5.0"
192.168.1.17 - - [20/Aug/2025:11:52:45 +0200] "GET /cart.php?action=view HTTP/1.1" 301 666 "-" "python-requests/2.25.1"
192.168.1.43 - - [20/Aug/2025:11:52:50 +0200] "GET /search.php?q=<script>alert('XSS')</script> HTTP/1.1" 200 513 "-" "Mozilla/5.0 (Windows NT 10.0; Win64; x64)"
192.168.1.28 - - [20/Aug/2025:11:52:55 +0200] "GET /products.php?id=2 HTTP/1.1" 404 868 "-" "curl/7.68.0"
192.168.1.25 - - [20/Aug/2025:11:53:00 +0200] "GET /about.html HTTP/1.1" 200 1188 "-" "python-requests/2.25.1"
192.168.1.28 - - [20/Aug/2025:11:53:05 +0200] "GET /profile.php HTTP/1.1" 200 762 "-" "Mozilla/5.0 (Windows NT 10.0; Win64; x64)"
192.168.1.50 - - [20/Aug/2025:11:53:10 +0200] "GET /index.php HTTP/1.1" 200 446 "-" "curl/7.68.0"
192.168.1.36 - - [20/Aug/2025:11:53:15 +0200] "GET /products.php?id=2 HTTP/1.1" 404 879 "-" "Mozilla/5.0 (X11; Linux x86_64)"
192.168.1.47 - - [20/Aug/2025:11:53:20 +0200] "GET /contact.php HTTP/1.1" 200 733 "-" "Mozilla/5.0 (X11; Linux x86_64)"
192.168.1.29 - - [20/Aug/2025:11:53:25 +0200] "GET /about.html HTTP/1.1" 301 840 "-" "curl/7.68.0"
192.168.1.53 - - [20/Aug/2025:11:53:30 +0200] "GET /products.php?id=2 HTTP/1.1" 200 891 "-" "Mozilla/5.0 (Windows NT 10.0; Win64; x64)"
192.168.1.17 - - [20/Aug/2025:11:53:35 +0200] "GET /products.php?id=2 HTTP/1.1" 200 844 "-" "python-requests/2.25.1"
192.168.1.58 - - [20/Aug/2025:11:53:40 +0200] "GET /index.php HTTP/1.1" 200 1157 "-" "Mozilla/5.0 (X11; Linux x86_64)"
192.168.1.23 - - [20/Aug/2025:11:53:45 +0200] "GET /about.html HTTP/1.1" 200 567 "-" "Mozilla/5.0 (Windows NT 10.0; Win64; x64)"
192.168.1.10 - - [20/Aug/2025:11:53:50 +0200] "GET /login.php HTTP/1.1" 200 359 "-" "curl/7.68.0"
192.168.1.41 - - [20/Aug/2025:11:53:55 +0200] "GET /profile.php HTTP/1.1" 404 356 "-" "Mozilla/5.0 (Windows NT 10.0; Win64; x64)"
192.168.1.47 - - [20/Aug/2025:11:54:00 +0200] "GET /item.php?id=5; DROP TABLE users;-- HTTP/1.1" 403 262 "-" "Mozilla/5.0"
192.168.1.42 - - [20/Aug/2025:11:54:05 +0200] "GET /login.php HTTP/1.1" 404 493 "-" "curl/7.68.0"
192.168.1.52 - - [20/Aug/2025:11:54:10 +0200] "GET /home.php HTTP/1.1" 404 488 "-" "Mozilla/5.0"
192.168.1.14 - - [20/Aug/2025:11:54:15 +0200] "GET /cart.php?action=view HTTP/1.1" 404 469 "-" "Mozilla/5.0 (Windows NT 10.0; Win64; x64)"
192.168.1.31 - - [20/Aug/2025:11:54:20 +0200] "GET /contact.php HTTP/1.1" 301 796 "-" "Mozilla/5.0 (X11; Linux x86_64)"
192.168.1.46 - - [20/Aug/2025:11:54:25 +0200] "GET /contact.php HTTP/1.1" 200 545 "-" "curl/7.68.0"
192.168.1.42 - - [20/Aug/2025:11:54:30 +0200] "GET /profile.php HTTP/1.1" 200 772 "-" "Mozilla/5.0"
192.168.1.30 - - [20/Aug/2025:11:54:35 +0200] "GET /index.php HTTP/1.1" 200 876 "-" "python-requests/2.25.1"
192.168.1.43 - - [20/Aug/2025:11:54:40 +0200] "GET /index.php HTTP/1.1" 200 896 "-" "python-requests/2.25.1"
192.168.1.22 - - [20/Aug/2025:11:54:45 +0200] "GET /about.html HTTP/1.1" 301 757 "-" "Mozilla/5.0 (Windows NT 10.0; Win64; x64)"
192.168.1.21 - - [20/Aug/2025:11:54:50 +0200] "GET /product.php?id=10 OR 1=1-- HTTP/1.1" 403 225 "-" "Mozilla/5.0 (X11; Linux x86_64)"
192.168.1.15 - - [20/Aug/2025:11:54:55 +0200] "GET /index.php HTTP/1.1" 200 1140 "-" "Mozilla/5.0 (Windows NT 10.0; Win64; x64)"
192.168.1.20 - - [20/Aug/2025:11:55:00 +0200] "GET /comments.php?msg=<iframe src=javascript:alert('XSS')> HTTP/1.1" 200 423 "-" "python-requests/2.25.1"
192.168.1.39 - - [20/Aug/2025:11:55:05 +0200] "GET /search.php?q=<script>alert('XSS')</script> HTTP/1.1" 200 545 "-" "python-requests/2.25.1"
192.168.1.36 - - [20/Aug/2025:11:55:10 +0200] "GET /index.php HTTP/1.1" 200 478 "-" "Mozilla/5.0"
192.168.1.14 - - [20/Aug/2025:11:55:15 +0200] "GET /profile.php HTTP/1.1" 301 755 "-" "curl/7.68.0"
192.168.1.21 - - [20/Aug/2025:11:55:20 +0200] "GET /about.html HTTP/1.1" 301 1058 "-" "Mozilla/5.0"
192.168.1.18 - - [20/Aug/2025:11:55:25 +0200] "GET /login.php HTTP/1.1" 200 1032 "-" "Mozilla/5.0 (X11; Linux x86_64)"
192.168.1.49 - - [20/Aug/2025:11:55:30 +0200] "GET /index.php HTTP/1.1" 404 575 "-" "curl/7.68.0"
192.168.1.38 - - [20/Aug/2025:11:55:35 +0200] "GET /about.html HTTP/1.1" 200 893 "-" "curl/7.68.0"
192.168.1.11 - - [20/Aug/2025:11:55:40 +0200] "GET /login.php?user=admin'-- HTTP/1.1" 403 284 "-" "Mozilla/5.0"
192.168.1.47 - - [20/Aug/2025:11:55:45 +0200] "GET /login.php HTTP/1.1" 404 803 "-" "curl/7.68.0"
192.168.1.14 - - [20/Aug/2025:11:55:50 +0200] "GET /login.php HTTP/1.1" 404 319 "-" "Mozilla/5.0 (Windows NT 10.0; Win64; x64)"
192.168.1.32 - - [20/Aug/2025:11:55:55 +0200] "GET /profile.php HTTP/1.1" 404 471 "-" "Mozilla/5.0 (X11; Linux x86_64)"
192.168.1.31 - - [20/Aug/2025:11:56:00 +0200] "GET /search.php?q=%3Cimg%20src%3Dx%20onerror%3Dalert(1)%3E HTTP/1.1" 200 581 "-" "Mozilla/5.0 (X11; Linux x86_64)"
192.168.1.58 - - [20/Aug/2025:11:56:05 +0200] "GET /profile.php HTTP/1.1" 200 718 "-" "python-requests/2.25.1"
192.168.1.11 - - [20/Aug/2025:11:56:10 +0200] "GET /login.php?user=admin'-- HTTP/1.1" 403 149 "-" "python-requests/2.25.1"
192.168.1.36 - - [20/Aug/2025:11:56:15 +0200] "GET /products.php?id=2 HTTP/1.1" 200 888 "-" "curl/7.68.0"
192.168.1.26 - - [20/Aug/2025:11:56:20 +0200] "GET /item.php?id=5; DROP TABLE users;-- HTTP/1.1" 403 348 "-" "curl/7.68.0"
192.168.1.56 - - [20/Aug/2025:11:56:25 +0200] "GET /login.php?user=admin'-- HTTP/1.1" 500 314 "-" "Mozilla/5.0 (Windows NT 10.0; Win64; x64)"
192.168.1.32 - - [20/Aug/2025:11:56:30 +0200] "GET /login.php HTTP/1.1" 200 870 "-" "Mozilla/5.0 (Windows NT 10.0; Win64; x64)"
192.168.1.41 - - [20/Aug/2025:11:56:35 +0200] "GET /cart.php?action=view HTTP/1.1" 404 1188 "-" "curl/7.68.0"
192.168.1.20 - - [20/Aug/2025:11:56:40 +0200] "GET /about.html HTTP/1.1" 301 486 "-" "Mozilla/5.0 (Windows NT 10.0; Win64; x64)"
192.168.1.35 - - [20/Aug/2025:11:56:45 +0200] "GET /contact.php HTTP/1.1" 301 838 "-" "Mozilla/5.0 (X11; Linux x86_64)"
192.168.1.20 - - [20/Aug/2025:11:56:50 +0200] "GET /home.php HTTP/1.1" 301 462 "-" "Mozilla/5.0 (Windows NT 10.0; Win64; x64)"
192.168.1.43 - - [20/Aug/2025:11:56:55 +0200] "GET /login.php HTTP/1.1" 301 719 "-" "Mozilla/5.0"
192.168.1.57 - - [20/Aug/2025:11:57:00 +0200] "GET /search.php?q=<script>alert('XSS')</script> HTTP/1.1" 200 596 "-" "curl/7.68.0"
192.168.1.50 - - [20/Aug/2025:11:57:05 +0200] "GET /login.php HTTP/1.1" 404 1152 "-" "Mozilla/5.0 (X11; Linux x86_64)"
192.168.1.52 - - [20/Aug/2025:11:57:10 +0200] "GET /product.php?id=10 OR 1=1-- HTTP/1.1" 403 260 "-" "python-requests/2.25.1"
192.168.1.23 - - [20/Aug/2025:11:57:15 +0200] "GET /cart.php?action=view HTTP/1.1" 200 322 "-" "Mozilla/5.0 (Windows NT 10.0; Win64; x64)"
192.168.1.13 - - [20/Aug/2025:11:57:20 +0200] "GET /cart.php?action=view HTTP/1.1" 200 933 "-" "curl/7.68.0"
192.168.1.31 - - [20/Aug/2025:11:57:25 +0200] "GET /search.php?q=test' OR '1'='1 HTTP/1.1" 403 246 "-" "python-requests/2.25.1"
192.168.1.37 - - [20/Aug/2025:11:57:30 +0200] "GET /products.php?id=2 HTTP/1.1" 200 308 "-" "Mozilla/5.0 (X11; Linux x86_64)"
192.168.1.53 - - [20/Aug/2025:11:57:35 +0200] "GET /profile.php HTTP/1.1" 404 1191 "-" "Mozilla/5.0 (X11; Linux x86_64)"
192.168.1.56 - - [20/Aug/2025:11:57:40 +0200] "GET /login.php HTTP/1.1" 200 591 "-" "python-requests/2.25.1"
192.168.1.40 - - [20/Aug/2025:11:57:45 +0200] "GET /page.php?title=<body onload=alert('Hacked')> HTTP/1.1" 200 644 "-" "Mozilla/5.0 (X11; Linux x86_64)"
192.168.1.52 - - [20/Aug/2025:11:57:50 +0200] "GET /products.php?id=2 HTTP/1.1" 301 430 "-" "Mozilla/5.0 (X11; Linux x86_64)"
192.168.1.54 - - [20/Aug/2025:11:57:55 +0200] "GET /about.html HTTP/1.1" 301 718 "-" "python-requests/2.25.1"
192.168.1.38 - - [20/Aug/2025:11:58:00 +0200] "GET /home.php HTTP/1.1" 404 997 "-" "python-requests/2.25.1"
192.168.1.46 - - [20/Aug/2025:11:58:05 +0200] "GET /home.php HTTP/1.1" 404 697 "-" "Mozilla/5.0"
192.168.1.27 - - [20/Aug/2025:11:58:10 +0200] "GET /contact.php HTTP/1.1" 404 787 "-" "curl/7.68.0"
192.168.1.30 - - [20/Aug/2025:11:58:15 +0200] "GET /login.php HTTP/1.1" 301 543 "-" "Mozilla/5.0 (X11; Linux x86_64)"
192.168.1.49 - - [20/Aug/2025:11:58:20 +0200] "GET /cart.php?action=view HTTP/1.1" 200 648 "-" "python-requests/2.25.1"
192.168.1.17 - - [20/Aug/2025:11:58:25 +0200] "GET /comments.php?msg=<iframe src=javascript:alert('XSS')> HTTP/1.1" 200 426 "-" "Mozilla/5.0"
192.168.1.55 - - [20/Aug/2025:11:58:30 +0200] "GET /cart.php?action=view HTTP/1.1" 200 763 "-" "Mozilla/5.0 (Windows NT 10.0; Win64; x64)"
192.168.1.55 - - [20/Aug/2025:11:58:35 +0200] "GET /news.php?id=-1' UNION SELECT username,password FROM users-- HTTP/1.1" 500 271 "-" "curl/7.68.0"
192.168.1.12 - - [20/Aug/2025:11:58:40 +0200] "GET /page.php?title=<body onload=alert('Hacked')> HTTP/1.1" 200 424 "-" "python-requests/2.25.1"
192.168.1.49 - - [20/Aug/2025:11:58:45 +0200] "GET /index.php HTTP/1.1" 200 694 "-" "Mozilla/5.0 (Windows NT 10.0; Win64; x64)"
192.168.1.48 - - [20/Aug/2025:11:58:50 +0200] "GET /search.php?q=test' OR '1'='1 HTTP/1.1" 403 361 "-" "python-requests/2.25.1"
192.168.1.11 - - [20/Aug/2025:11:58:55 +0200] "GET /login.php HTTP/1.1" 301 901 "-" "Mozilla/5.0"
192.168.1.40 - - [20/Aug/2025:11:59:00 +0200] "GET /item.php?id=5; DROP TABLE users;-- HTTP/1.1" 403 340 "-" "Mozilla/5.0"
192.168.1.57 - - [20/Aug/2025:11:59:05 +0200] "GET /search.php?q=test' OR '1'='1 HTTP/1.1" 403 386 "-" "Mozilla/5.0 (Windows NT 10.0; Win64; x64)"
192.168.1.42 - - [20/Aug/2025:11:59:10 +0200] "GET /cart.php?action=view HTTP/1.1" 200 994 "-" "Mozilla/5.0 (Windows NT 10.0; Win64; x64)"
192.168.1.17 - - [20/Aug/2025:11:59:15 +0200] "GET /products.php?id=2 HTTP/1.1" 200 802 "-" "curl/7.68.0"
192.168.1.33 - - [20/Aug/2025:11:59:20 +0200] "GET /index.php HTTP/1.1" 301 948 "-" "Mozilla/5.0 (X11; Linux x86_64)"
192.168.1.58 - - [20/Aug/2025:11:59:25 +0200] "GET /contact.php HTTP/1.1" 404 834 "-" "curl/7.68.0"
192.168.1.44 - - [20/Aug/2025:11:59:30 +0200] "GET /search.php?q=test' OR '1'='1 HTTP/1.1" 500 175 "-" "Mozilla/5.0"
192.168.1.46 - - [20/Aug/2025:11:59:35 +0200] "GET /index.php HTTP/1.1" 200 903 "-" "Mozilla/5.0 (Windows NT 10.0; Win64; x64)"
192.168.1.38 - - [20/Aug/2025:11:59:40 +0200] "GET /login.php HTTP/1.1" 301 444 "-" "Mozilla/5.0 (Windows NT 10.0; Win64; x64)"
192.168.1.22 - - [20/Aug/2025:11:59:45 +0200] "GET /home.php HTTP/1.1" 301 334 "-" "Mozilla/5.0 (Windows NT 10.0; Win64; x64)"
192.168.1.12 - - [20/Aug/2025:11:59:50 +0200] "GET /home.php HTTP/1.1" 301 535 "-" "curl/7.68.0"
192.168.1.57 - - [20/Aug/2025:11:59:55 +0200] "GET /index.php HTTP/1.1" 200 870 "-" "python-requests/2.25.1"
192.168.1.14 - - [20/Aug/2025:12:00:00 +0200] "GET /contact.php HTTP/1.1" 301 977 "-" "Mozilla/5.0"
192.168.1.25 - - [20/Aug/2025:12:00:05 +0200] "GET /index.php HTTP/1.1" 200 963 "-" "Mozilla/5.0 (X11; Linux x86_64)"
192.168.1.18 - - [20/Aug/2025:12:00:10 +0200] "GET /home.php HTTP/1.1" 301 1149 "-" "python-requests/2.25.1"
192.168.1.18 - - [20/Aug/2025:12:00:15 +0200] "GET /profile.php HTTP/1.1" 404 337 "-" "Mozilla/5.0 (Windows NT 10.0; Win64; x64)"
192.168.1.42 - - [20/Aug/2025:12:00:20 +0200] "GET /profile.php HTTP/1.1" 200 300 "-" "Mozilla/5.0 (Windows NT 10.0; Win64; x64)"
192.168.1.14 - - [20/Aug/2025:12:00:25 +0200] "GET /products.php?id=2 HTTP/1.1" 200 677 "-" "Mozilla/5.0 (X11; Linux x86_64)"
192.168.1.56 - - [20/Aug/2025:12:00:30 +0200] "GET /search.php?q=test' OR '1'='1 HTTP/1.1" 500 217 "-" "Mozilla/5.0 (X11; Linux x86_64)"
192.168.1.14 - - [20/Aug/2025:12:00:35 +0200] "GET /profile.php?bio=<svg onload=alert('XSS')> HTTP/1.1" 200 641 "-" "Mozilla/5.0 (Windows NT 10.0; Win64; x64)"
192.168.1.46 - - [20/Aug/2025:12:00:40 +0200] "GET /news.php?id=-1' UNION SELECT username,password FROM users-- HTTP/1.1" 403 392 "-" "python-requests/2.25.1"
192.168.1.49 - - [20/Aug/2025:12:00:45 +0200] "GET /home.php HTTP/1.1" 200 1091 "-" "Mozilla/5.0 (Windows NT 10.0; Win64; x64)"
192.168.1.22 - - [20/Aug/2025:12:00:50 +0200] "GET /profile.php HTTP/1.1" 200 430 "-" "Mozilla/5.0 (Windows NT 10.0; Win64; x64)"
192.168.1.48 - - [20/Aug/2025:12:00:55 +0200] "GET /about.html HTTP/1.1" 301 840 "-" "Mozilla/5.0 (X11; Linux x86_64)"
192.168.1.13 - - [20/Aug/2025:12:01:00 +0200] "GET /contact.php HTTP/1.1" 200 893 "-" "python-requests/2.25.1"
192.168.1.29 - - [20/Aug/2025:12:01:05 +0200] "GET /contact.php HTTP/1.1" 200 406 "-" "Mozilla/5.0"
192.168.1.12 - - [20/Aug/2025:12:01:10 +0200] "GET /cart.php?action=view HTTP/1.1" 301 1025 "-" "python-requests/2.25.1"
192.168.1.35 - - [20/Aug/2025:12:01:15 +0200] "GET /page.php?title=<body onload=alert('Hacked')> HTTP/1.1" 200 471 "-" "python-requests/2.25.1"
192.168.1.25 - - [20/Aug/2025:12:01:20 +0200] "GET /login.php HTTP/1.1" 200 391 "-" "Mozilla/5.0"
192.168.1.33 - - [20/Aug/2025:12:01:25 +0200] "GET /page.php?title=<body onload=alert('Hacked')> HTTP/1.1" 200 530 "-" "python-requests/2.25.1"
192.168.1.50 - - [20/Aug/2025:12:01:30 +0200] "GET /profile.php?bio=<svg onload=alert('XSS')> HTTP/1.1" 200 433 "-" "Mozilla/5.0 (X11; Linux x86_64)"
192.168.1.27 - - [20/Aug/2025:12:01:35 +0200] "GET /news.php?id=-1' UNION SELECT username,password FROM users-- HTTP/1.1" 500 195 "-" "Mozilla/5.0 (X11; Linux x86_64)"
192.168.1.10 - - [20/Aug/2025:12:01:40 +0200] "GET /cart.php?action=view HTTP/1.1" 301 954 "-" "Mozilla/5.0 (Windows NT 10.0; Win64; x64)"
192.168.1.51 - - [20/Aug/2025:12:01:45 +0200] "GET /contact.php HTTP/1.1" 200 775 "-" "python-requests/2.25.1"
192.168.1.33 - - [20/Aug/2025:12:01:50 +0200] "GET /about.html HTTP/1.1" 200 772 "-" "python-requests/2.25.1"
192.168.1.29 - - [20/Aug/2025:12:01:55 +0200] "GET /profile.php HTTP/1.1" 200 1012 "-" "Mozilla/5.0 (X11; Linux x86_64)"
192.168.1.16 - - [20/Aug/2025:12:02:00 +0200] "GET /profile.php HTTP/1.1" 404 900 "-" "Mozilla/5.0"
192.168.1.21 - - [20/Aug/2025:12:02:05 +0200] "GET /profile.php HTTP/1.1" 200 776 "-" "curl/7.68.0"
192.168.1.13 - - [20/Aug/2025:12:02:10 +0200] "GET /products.php?id=2 HTTP/1.1" 200 1165 "-" "curl/7.68.0"
192.168.1.31 - - [20/Aug/2025:12:02:15 +0200] "GET /profile.php HTTP/1.1" 404 338 "-" "Mozilla/5.0 (Windows NT 10.0; Win64; x64)"
192.168.1.35 - - [20/Aug/2025:12:02:20 +0200] "GET /login.php?user=admin'-- HTTP/1.1" 403 122 "-" "Mozilla/5.0 (Windows NT 10.0; Win64; x64)"
192.168.1.39 - - [20/Aug/2025:12:02:25 +0200] "GET /search.php?q=%3Cimg%20src%3Dx%20onerror%3Dalert(1)%3E HTTP/1.1" 200 488 "-" "curl/7.68.0"
192.168.1.15 - - [20/Aug/2025:12:02:30 +0200] "GET /news.php?id=-1' UNION SELECT username,password FROM users-- HTTP/1.1" 500 274 "-" "Mozilla/5.0 (X11; Linux x86_64)"
192.168.1.33 - - [20/Aug/2025:12:02:35 +0200] "GET /product.php?id=10 OR 1=1-- HTTP/1.1" 403 367 "-" "python-requests/2.25.1"
192.168.1.53 - - [20/Aug/2025:12:02:40 +0200] "GET /about.html HTTP/1.1" 200 470 "-" "curl/7.68.0"
192.168.1.45 - - [20/Aug/2025:12:02:45 +0200] "GET /products.php?id=2 HTTP/1.1" 404 330 "-" "Mozilla/5.0"
192.168.1.34 - - [20/Aug/2025:12:02:50 +0200] "GET /about.html HTTP/1.1" 200 1121 "-" "python-requests/2.25.1"
192.168.1.10 - - [20/Aug/2025:12:02:55 +0200] "GET /about.html HTTP/1.1" 404 704 "-" "Mozilla/5.0 (Windows NT 10.0; Win64; x64)"
192.168.1.44 - - [20/Aug/2025:12:03:00 +0200] "GET /item.php?id=5; DROP TABLE users;-- HTTP/1.1" 403 144 "-" "Mozilla/5.0 (Windows NT 10.0; Win64; x64)"
192.168.1.37 - - [20/Aug/2025:12:03:05 +0200] "GET /home.php HTTP/1.1" 301 486 "-" "Mozilla/5.0"
192.168.1.51 - - [20/Aug/2025:12:03:10 +0200] "GET /contact.php HTTP/1.1" 301 1054 "-" "curl/7.68.0"
192.168.1.58 - - [20/Aug/2025:12:03:15 +0200] "GET /item.php?id=5; DROP TABLE users;-- HTTP/1.1" 403 219 "-" "Mozilla/5.0 (Windows NT 10.0; Win64; x64)"
192.168.1.53 - - [20/Aug/2025:12:03:20 +0200] "GET /item.php?id=5; DROP TABLE users;-- HTTP/1.1" 403 200 "-" "Mozilla/5.0 (X11; Linux x86_64)"
192.168.1.34 - - [20/Aug/2025:12:03:25 +0200] "GET /profile.php HTTP/1.1" 404 1052 "-" "python-requests/2.25.1"
192.168.1.32 - - [20/Aug/2025:12:03:30 +0200] "GET /index.php HTTP/1.1" 200 826 "-" "Mozilla/5.0 (X11; Linux x86_64)"
192.168.1.48 - - [20/Aug/2025:12:03:35 +0200] "GET /about.html HTTP/1.1" 200 789 "-" "python-requests/2.25.1"
192.168.1.47 - - [20/Aug/2025:12:03:40 +0200] "GET /product.php?id=10 OR 1=1-- HTTP/1.1" 403 118 "-" "Mozilla/5.0"
192.168.1.48 - - [20/Aug/2025:12:03:45 +0200] "GET /product.php?id=10 OR 1=1-- HTTP/1.1" 500 230 "-" "Mozilla/5.0 (X11; Linux x86_64)"
192.168.1.19 - - [20/Aug/2025:12:03:50 +0200] "GET /login.php?user=admin'-- HTTP/1.1" 500 131 "-" "python-requests/2.25.1"
192.168.1.47 - - [20/Aug/2025:12:03:55 +0200] "GET /about.html HTTP/1.1" 200 637 "-" "Mozilla/5.0 (X11; Linux x86_64)"
192.168.1.31 - - [20/Aug/2025:12:04:00 +0200] "GET /contact.php HTTP/1.1" 200 763 "-" "Mozilla/5.0"
192.168.1.24 - - [20/Aug/2025:12:04:05 +0200] "GET /news.php?id=-1' UNION SELECT username,password FROM users-- HTTP/1.1" 403 237 "-" "Mozilla/5.0 (X11; Linux x86_64)"
192.168.1.20 - - [20/Aug/2025:12:04:10 +0200] "GET /item.php?id=5; DROP TABLE users;-- HTTP/1.1" 403 348 "-" "python-requests/2.25.1"
192.168.1.39 - - [20/Aug/2025:12:04:15 +0200] "GET /products.php?id=2 HTTP/1.1" 301 370 "-" "Mozilla/5.0 (Windows NT 10.0; Win64; x64)"
192.168.1.29 - - [20/Aug/2025:12:04:20 +0200] "GET /contact.php HTTP/1.1" 200 954 "-" "Mozilla/5.0"
192.168.1.47 - - [20/Aug/2025:12:04:25 +0200] "GET /contact.php HTTP/1.1" 200 443 "-" "Mozilla/5.0"
192.168.1.38 - - [20/Aug/2025:12:04:30 +0200] "GET /profile.php HTTP/1.1" 200 1050 "-" "python-requests/2.25.1"
192.168.1.32 - - [20/Aug/2025:12:04:35 +0200] "GET /profile.php HTTP/1.1" 404 726 "-" "Mozilla/5.0 (X11; Linux x86_64)"
192.168.1.24 - - [20/Aug/2025:12:04:40 +0200] "GET /comments.php?msg=<iframe src=javascript:alert('XSS')> HTTP/1.1" 200 448 "-" "curl/7.68.0"
192.168.1.50 - - [20/Aug/2025:12:04:45 +0200] "GET /contact.php HTTP/1.1" 301 582 "-" "Mozilla/5.0"
192.168.1.10 - - [20/Aug/2025:12:04:50 +0200] "GET /about.html HTTP/1.1" 200 1191 "-" "python-requests/2.25.1"
192.168.1.59 - - [20/Aug/2025:12:04:55 +0200] "GET /contact.php HTTP/1.1" 200 790 "-" "python-requests/2.25.1"
192.168.1.45 - - [20/Aug/2025:12:05:00 +0200] "GET /contact.php HTTP/1.1" 200 751 "-" "Mozilla/5.0"
192.168.1.13 - - [20/Aug/2025:12:05:05 +0200] "GET /about.html HTTP/1.1" 200 745 "-" "Mozilla/5.0 (Windows NT 10.0; Win64; x64)"
192.168.1.22 - - [20/Aug/2025:12:05:10 +0200] "GET /index.php HTTP/1.1" 200 746 "-" "Mozilla/5.0"
192.168.1.42 - - [20/Aug/2025:12:05:15 +0200] "GET /search.php?q=<script>alert('XSS')</script> HTTP/1.1" 200 434 "-" "Mozilla/5.0 (X11; Linux x86_64)"
192.168.1.29 - - [20/Aug/2025:12:05:20 +0200] "GET /index.php HTTP/1.1" 200 310 "-" "Mozilla/5.0"
192.168.1.24 - - [20/Aug/2025:12:05:25 +0200] "GET /login.php?user=admin'-- HTTP/1.1" 500 160 "-" "Mozilla/5.0 (X11; Linux x86_64)"
192.168.1.35 - - [20/Aug/2025:12:05:30 +0200] "GET /home.php HTTP/1.1" 404 754 "-" "Mozilla/5.0"
192.168.1.17 - - [20/Aug/2025:12:05:35 +0200] "GET /search.php?q=<script>alert('XSS')</script> HTTP/1.1" 200 442 "-" "Mozilla/5.0 (Windows NT 10.0; Win64; x64)"
192.168.1.21 - - [20/Aug/2025:12:05:40 +0200] "GET /products.php?id=2 HTTP/1.1" 301 652 "-" "Mozilla/5.0 (Windows NT 10.0; Win64; x64)"
192.168.1.56 - - [20/Aug/2025:12:05:45 +0200] "GET /contact.php HTTP/1.1" 301 527 "-" "Mozilla/5.0 (Windows NT 10.0; Win64; x64)"
192.168.1.22 - - [20/Aug/2025:12:05:50 +0200] "GET /login.php HTTP/1.1" 200 681 "-" "python-requests/2.25.1"
192.168.1.14 - - [20/Aug/2025:12:05:55 +0200] "GET /cart.php?action=view HTTP/1.1" 301 482 "-" "Mozilla/5.0"
192.168.1.13 - - [20/Aug/2025:12:06:00 +0200] "GET /about.html HTTP/1.1" 200 656 "-" "Mozilla/5.0 (Windows NT 10.0; Win64; x64)"
192.168.1.36 - - [20/Aug/2025:12:06:05 +0200] "GET /contact.php HTTP/1.1" 200 907 "-" "Mozilla/5.0 (X11; Linux x86_64)"
192.168.1.54 - - [20/Aug/2025:12:06:10 +0200] "GET /news.php?id=-1' UNION SELECT username,password FROM users-- HTTP/1.1" 500 392 "-" "Mozilla/5.0 (Windows NT 10.0; Win64; x64)"
192.168.1.35 - - [20/Aug/2025:12:06:15 +0200] "GET /contact.php HTTP/1.1" 200 412 "-" "Mozilla/5.0 (X11; Linux x86_64)"
192.168.1.20 - - [20/Aug/2025:12:06:20 +0200] "GET /cart.php?action=view HTTP/1.1" 404 666 "-" "Mozilla/5.0 (X11; Linux x86_64)"
192.168.1.39 - - [20/Aug/2025:12:06:25 +0200] "GET /search.php?q=<script>alert('XSS')</script> HTTP/1.1" 200 699 "-" "Mozilla/5.0"
192.168.1.50 - - [20/Aug/2025:12:06:30 +0200] "GET /profile.php HTTP/1.1" 404 848 "-" "Mozilla/5.0 (Windows NT 10.0; Win64; x64)"
192.168.1.57 - - [20/Aug/2025:12:06:35 +0200] "GET /comments.php?msg=<iframe src=javascript:alert('XSS')> HTTP/1.1" 200 651 "-" "Mozilla/5.0 (X11; Linux x86_64)"
192.168.1.12 - - [20/Aug/2025:12:06:40 +0200] "GET /contact.php HTTP/1.1" 200 416 "-" "Mozilla/5.0 (Windows NT 10.0; Win64; x64)"
192.168.1.24 - - [20/Aug/2025:12:06:45 +0200] "GET /profile.php HTTP/1.1" 404 610 "-" "Mozilla/5.0 (Windows NT 10.0; Win64; x64)"
192.168.1.43 - - [20/Aug/2025:12:06:50 +0200] "GET /contact.php HTTP/1.1" 404 503 "-" "curl/7.68.0"
192.168.1.38 - - [20/Aug/2025:12:06:55 +0200] "GET /index.php HTTP/1.1" 200 1089 "-" "Mozilla/5.0"
192.168.1.44 - - [20/Aug/2025:12:07:00 +0200] "GET /login.php?user=admin'-- HTTP/1.1" 500 315 "-" "Mozilla/5.0 (Windows NT 10.0; Win64; x64)"
192.168.1.48 - - [20/Aug/2025:12:07:05 +0200] "GET /contact.php HTTP/1.1" 200 877 "-" "Mozilla/5.0 (X11; Linux x86_64)"
192.168.1.47 - - [20/Aug/2025:12:07:10 +0200] "GET /product.php?id=10 OR 1=1-- HTTP/1.1" 403 299 "-" "Mozilla/5.0 (X11; Linux x86_64)"
192.168.1.23 - - [20/Aug/2025:12:07:15 +0200] "GET /about.html HTTP/1.1" 200 648 "-" "Mozilla/5.0"
192.168.1.44 - - [20/Aug/2025:12:07:20 +0200] "GET /search.php?q=<script>alert('XSS')</script> HTTP/1.1" 200 609 "-" "Mozilla/5.0"
192.168.1.47 - - [20/Aug/2025:12:07:25 +0200] "GET /products.php?id=2 HTTP/1.1" 301 1083 "-" "python-requests/2.25.1"
192.168.1.55 - - [20/Aug/2025:12:07:30 +0200] "GET /profile.php?bio=<svg onload=alert('XSS')> HTTP/1.1" 200 492 "-" "curl/7.68.0"
192.168.1.46 - - [20/Aug/2025:12:07:35 +0200] "GET /item.php?id=5; DROP TABLE users;-- HTTP/1.1" 403 234 "-" "Mozilla/5.0"
192.168.1.55 - - [20/Aug/2025:12:07:40 +0200] "GET /products.php?id=2 HTTP/1.1" 301 946 "-" "Mozilla/5.0 (Windows NT 10.0; Win64; x64)"
192.168.1.34 - - [20/Aug/2025:12:07:45 +0200] "GET /product.php?id=10 OR 1=1-- HTTP/1.1" 403 342 "-" "Mozilla/5.0"
192.168.1.49 - - [20/Aug/2025:12:07:50 +0200] "GET /login.php?user=admin'-- HTTP/1.1" 500 322 "-" "curl/7.68.0"
192.168.1.43 - - [20/Aug/2025:12:07:55 +0200] "GET /login.php HTTP/1.1" 200 384 "-" "python-requests/2.25.1"
192.168.1.30 - - [20/Aug/2025:12:08:00 +0200] "GET /home.php HTTP/1.1" 200 651 "-" "Mozilla/5.0 (Windows NT 10.0; Win64; x64)"
192.168.1.49 - - [20/Aug/2025:12:08:05 +0200] "GET /news.php?id=-1' UNION SELECT username,password FROM users-- HTTP/1.1" 500 109 "-" "python-requests/2.25.1"
192.168.1.14 - - [20/Aug/2025:12:08:10 +0200] "GET /item.php?id=5; DROP TABLE users;-- HTTP/1.1" 500 339 "-" "curl/7.68.0"
192.168.1.12 - - [20/Aug/2025:12:08:15 +0200] "GET /login.php HTTP/1.1" 200 766 "-" "python-requests/2.25.1"
192.168.1.20 - - [20/Aug/2025:12:08:20 +0200] "GET /home.php HTTP/1.1" 200 724 "-" "Mozilla/5.0"
192.168.1.38 - - [20/Aug/2025:12:08:25 +0200] "GET /search.php?q=%3Cimg%20src%3Dx%20onerror%3Dalert(1)%3E HTTP/1.1" 200 448 "-" "Mozilla/5.0 (X11; Linux x86_64)"
192.168.1.10 - - [20/Aug/2025:12:08:30 +0200] "GET /products.php?id=2 HTTP/1.1" 200 451 "-" "python-requests/2.25.1"
192.168.1.45 - - [20/Aug/2025:12:08:35 +0200] "GET /index.php HTTP/1.1" 200 698 "-" "Mozilla/5.0"
192.168.1.27 - - [20/Aug/2025:12:08:40 +0200] "GET /products.php?id=2 HTTP/1.1" 301 307 "-" "Mozilla/5.0 (X11; Linux x86_64)"
192.168.1.22 - - [20/Aug/2025:12:08:45 +0200] "GET /home.php HTTP/1.1" 200 764 "-" "Mozilla/5.0 (X11; Linux x86_64)"
192.168.1.20 - - [20/Aug/2025:12:08:50 +0200] "GET /index.php HTTP/1.1" 404 387 "-" "Mozilla/5.0 (Windows NT 10.0; Win64; x64)"
192.168.1.17 - - [20/Aug/2025:12:08:55 +0200] "GET /contact.php HTTP/1.1" 200 583 "-" "Mozilla/5.0 (X11; Linux x86_64)"
192.168.1.45 - - [20/Aug/2025:12:09:00 +0200] "GET /about.html HTTP/1.1" 301 1055 "-" "python-requests/2.25.1"
192.168.1.37 - - [20/Aug/2025:12:09:05 +0200] "GET /home.php HTTP/1.1" 200 430 "-" "Mozilla/5.0"
192.168.1.42 - - [20/Aug/2025:12:09:10 +0200] "GET /login.php?user=admin'-- HTTP/1.1" 500 290 "-" "Mozilla/5.0 (Windows NT 10.0; Win64; x64)"
192.168.1.34 - - [20/Aug/2025:12:09:15 +0200] "GET /products.php?id=2 HTTP/1.1" 200 471 "-" "Mozilla/5.0 (Windows NT 10.0; Win64; x64)"
192.168.1.32 - - [20/Aug/2025:12:09:20 +0200] "GET /home.php HTTP/1.1" 301 525 "-" "Mozilla/5.0 (Windows NT 10.0; Win64; x64)"
192.168.1.43 - - [20/Aug/2025:12:09:25 +0200] "GET /product.php?id=10 OR 1=1-- HTTP/1.1" 403 150 "-" "Mozilla/5.0"
192.168.1.35 - - [20/Aug/2025:12:09:30 +0200] "GET /page.php?title=<body onload=alert('Hacked')> HTTP/1.1" 200 472 "-" "Mozilla/5.0 (Windows NT 10.0; Win64; x64)"
192.168.1.16 - - [20/Aug/2025:12:09:35 +0200] "GET /home.php HTTP/1.1" 404 863 "-" "curl/7.68.0"
192.168.1.32 - - [20/Aug/2025:12:09:40 +0200] "GET /products.php?id=2 HTTP/1.1" 200 737 "-" "Mozilla/5.0 (Windows NT 10.0; Win64; x64)"
192.168.1.29 - - [20/Aug/2025:12:09:45 +0200] "GET /search.php?q=test' OR '1'='1 HTTP/1.1" 403 297 "-" "python-requests/2.25.1"
192.168.1.15 - - [20/Aug/2025:12:09:50 +0200] "GET /about.html HTTP/1.1" 301 935 "-" "Mozilla/5.0 (Windows NT 10.0; Win64; x64)"
192.168.1.38 - - [20/Aug/2025:12:09:55 +0200] "GET /home.php HTTP/1.1" 301 874 "-" "curl/7.68.0"